MPASM  5.06                    16F887DEMO.ASM   11-16-2006  17:37:24         PAGE  1


LOC  OBJECT CODE     LINE SOURCE TEXT
  VALUE

                      00001 ;******************************************************************************
                      00002 ;Software License Agreement                                         
                      00003 ;                                                                    
                      00004 ;The software supplied herewith by Microchip Technology             
                      00005 ;Incorporated (the "Company") is intended and supplied to you, the  
                      00006 ;Company’s customer, for use solely and exclusively on Microchip    
                      00007 ;products. The software is owned by the Company and/or its supplier,
                      00008 ;and is protected under applicable copyright laws. All rights are   
                      00009 ;reserved. Any use in violation of the foregoing restrictions may   
                      00010 ;subject the user to criminal sanctions under applicable laws, as   
                      00011 ;well as to civil liability for the breach of the terms and         
                      00012 ;conditions of this license.                                        
                      00013 ;                                                                    
                      00014 ;THIS SOFTWARE IS PROVIDED IN AN "AS IS" CONDITION. NO WARRANTIES,  
                      00015 ;WHETHER EXPRESS, IMPLIED OR STATUTORY, INCLUDING, BUT NOT LIMITED  
                      00016 ;TO, IMPLIED WARRANTIES OF MERCHANTABILITY AND FITNESS FOR A       
                      00017 ;PARTICULAR PURPOSE APPLY TO THIS SOFTWARE. THE COMPANY SHALL NOT,  
                      00018 ;IN ANY CIRCUMSTANCES, BE LIABLE FOR SPECIAL, INCIDENTAL OR         
                      00019 ;CONSEQUENTIAL DAMAGES, FOR ANY REASON WHATSOEVER.       
                      00020 ; *******************************************************************
                      00021 ; PICkit 2 Debug Demo - Reversible LEDs
                      00022 ;
                      00023 ; This demo reads the potentiometer voltage coming into RA0
                      00024 ; on the 44-pin Demo Board with the A2C converter.  The A2D
                      00025 ; high order bits are used to set a delay affecting the rate
                      00026 ; of the LED rotation.  The Demo Board switch is used to 
                      00027 ; reverse the direction of rotation of the LEDs.
                      00028 ;
                      00029 ; An intentional error exists in this demo code to prevent
                      00030 ; the A2D value from affecting the LED rate.
                      00031 ; See the PICkit 2 User's Guide (DS51553) for a tutorial
                      00032 ; on debugging with PICkit 2 using this demo code.
                      00033 ;
                      00034 
                      00035 
                      00036 #include <p16f887.inc>
                      00001         LIST
                      00002 ; P16F887.INC  Standard Header File, Version 1.00    Microchip Technology, Inc.
                      00617         LIST
2007   20E4           00037         __CONFIG    _CONFIG1, _LVP_OFF & _FCMEN_OFF & _IESO_OFF & _BOR_OFF & _CPD_OFF & _CP_OFF & _MCLRE
                            _ON & _PWRTE_ON & _WDT_OFF & _INTRC_OSC_NOCLKOUT
2008   3EFF           00038         __CONFIG    _CONFIG2, _WRT_OFF & _BOR21V
                      00039 
                      00040      cblock     0x20
  00000020            00041 Delay : 2      ; Assign two addresses to label Delay
  00000022            00042 Display        ; define a variable to hold the diplay
  00000023            00043 Direction 
  00000024            00044 LookingFor     
                      00045      endc
                      00046 
0000                  00047      org       0x0000
0000                  00048 STARTUP:
0000   118A 120A      00049      pagesel   Main
MPASM  5.06                    16F887DEMO.ASM   11-16-2006  17:37:24         PAGE  2


LOC  OBJECT CODE     LINE SOURCE TEXT
  VALUE

0002   2804           00050      goto      Main
                      00051 
0004                  00052         org       0x0004             ; interrupt vector location
                      00053      ; (not used)
                      00054 
0004                  00055 Main:
0004                  00056 SetupPinDirections:
0004   1683 1303      00057      banksel   TRISA          ; select Register Page 1
0006   30FF           00058      movlw     0xFF
Message[302]: Register in operand not in bank 0.  Ensure that bank bits are correct.
0007   0085           00059      movwf     TRISA          ; Make PortA all input
Message[302]: Register in operand not in bank 0.  Ensure that bank bits are correct.
0008   0188           00060      clrf      TRISD          ; Make PortD all output
0009                  00061 SetupAnalogPins:
0009   1683 1703      00062      banksel   ANSEL          ; address Register Page 2
000B   1703           00063      bsf       STATUS,RP1     
000C   3001           00064      movlw     0x01           ; configure Port A pin 0 Analog
Message[302]: Register in operand not in bank 0.  Ensure that bank bits are correct.
000D   0088           00065      movwf     ANSEL
000E   3000           00066      movlw     0x00           ; remaining pins are all digital
Message[302]: Register in operand not in bank 0.  Ensure that bank bits are correct.
000F   0089           00067      movwf     ANSELH         
0010                  00068 SetupA2D:
0010   1683 1303      00069      banksel   ADCON1         ; address Register Page 1
0012   3000           00070      movlw     0x00           ; A2D Left-Justified, references are VDD and VSS
Message[302]: Register in operand not in bank 0.  Ensure that bank bits are correct.
0013   009F           00071      movwf     ADCON1
0014   1283 1303      00072      banksel   ADCON0         ; address Register Page 0
0016   3040           00073      movlw     0x40
0017   009F           00074      movwf     ADCON0         ; configure A2D for Fosc/8, Channel 0 (RA0), and turn on the A2D module
0018                  00075 InitRegisters:
0018   1283 1303      00076      banksel   Display        
001A   3080           00077      movlw     0x80
001B   00A2           00078      movwf     Display
001C   01A3           00079      clrf      Direction
001D   01A4           00080      clrf      LookingFor     ; Looking for a 0 on the button
001E                  00081 MainLoop:
001E   0822           00082      movf      Display,w      ; Copy the display to the LEDs
001F   0088           00083      movwf     PORTD
0020   0000           00084      nop                      ; wait total of 5uS for A2D amp to settle and capacitor to charge.
0021   0000           00085      nop                      ; wait 1uS
0022   0000           00086      nop                      ; wait 1uS
0023   0000           00087      nop                      ; wait 1uS
0024   0000           00088      nop                      ; wait 1uS
0025   149F           00089      bsf       ADCON0,GO_DONE ; start conversion
0026   189F           00090      btfsc     ADCON0,GO_DONE ; this bit will change to zero when the conversion is complete
0027   2826           00091      goto      $-1
0028   081E           00092      movf      ADRESH,w       ; Copy the A2D result to the delay loop
0029   00A1           00093      movwf     Delay+1
                      00094 
002A                  00095 A2DDelayLoop:
002A   0FA0           00096      incfsz    Delay,f        ; Waste time.  
002B   282A           00097      goto      A2DDelayLoop   ; The Inner loop takes 3 instructions per loop * 256 loopss = 768 instruct
MPASM  5.06                    16F887DEMO.ASM   11-16-2006  17:37:24         PAGE  3


LOC  OBJECT CODE     LINE SOURCE TEXT
  VALUE

                            ions
002C   0FA1           00098      incfsz    Delay+1,f      ; The outer loop takes and additional 3 instructions per lap * 256 loops
002D   282A           00099      goto      A2DDelayLoop   ; (768+3) * 256 = 197376 instructions / 1M instructions per second = 0.197
                             sec.
                      00100                               ; call it a two-tenths of a second.
                      00101 
002E   300D           00102      movlw     .13            ; Delay another 10mS plus whatever was above
002F   00A1           00103      movwf     Delay+1
0030                  00104 TenmSdelay:     
0030   0BA0           00105      decfsz    Delay,f
0031   2830           00106      goto      TenmSdelay
0032   0BA1           00107      decfsz    Delay+1,f
0033   2830           00108      goto      TenmSdelay
                      00109 
0034   1824           00110      btfsc     LookingFor,0
0035   283C           00111      goto      LookingFor1
0036                  00112 LookingFor0:
0036   1806           00113      btfsc     PORTB,0        ; is the switch pressed (0)
0037   283E           00114      goto      Rotate
0038   1424           00115      bsf       LookingFor,0   ; yes  Next we'll be looking for a 1
0039   30FF           00116      movlw     0xFF           ; load the W register incase we need it
003A   06A3           00117      xorwf     Direction,f    ; yes, flip the direction bit
003B   283E           00118      goto      Rotate
                      00119 
003C                  00120 LookingFor1:
003C   1806           00121      btfsc     PORTB,0        ; is the switch pressed (0)
003D   1024           00122      bcf       LookingFor,0
                      00123      
003E                  00124 Rotate:
003E   1003           00125      bcf       STATUS,C       ; ensure the carry bit is clear
003F   1C23           00126      btfss     Direction,0
0040   2845           00127      goto      RotateLeft
0041                  00128 RotateRight:
0041   0CA2           00129      rrf       Display,f
0042   1803           00130      btfsc     STATUS,C       ; Did the bit rotate into the carry?
0043   17A2           00131      bsf       Display,7      ; yes, put it into bit 3.
                      00132 
0044   281E           00133      goto      MainLoop
0045                  00134 RotateLeft:
0045   0DA2           00135      rlf       Display,f
0046   1803           00136      btfsc     STATUS,C       ; did it rotate out of the display
0047   1422           00137      bsf       Display,0      ; yes, put it into bit 0
0048   281E           00138      goto      MainLoop
                      00139      
                      00140      end
MPASM  5.06                    16F887DEMO.ASM   11-16-2006  17:37:24         PAGE  4


SYMBOL TABLE
  LABEL                             VALUE 

A2DDelayLoop                      0000002A
ABDEN                             00000000
ABDOVF                            00000007
ACKDT                             00000005
ACKEN                             00000004
ACKSTAT                           00000006
ADCON0                            0000001F
ADCON1                            0000009F
ADCS0                             00000006
ADCS1                             00000007
ADDEN                             00000003
ADFM                              00000007
ADIE                              00000006
ADIF                              00000006
ADON                              00000000
ADRESH                            0000001E
ADRESL                            0000009E
ANS0                              00000000
ANS1                              00000001
ANS10                             00000002
ANS11                             00000003
ANS12                             00000004
ANS13                             00000005
ANS2                              00000002
ANS3                              00000003
ANS4                              00000004
ANS5                              00000005
ANS6                              00000006
ANS7                              00000007
ANS8                              00000000
ANS9                              00000001
ANSEL                             00000188
ANSELH                            00000189
BAUDCTL                           00000187
BCLIE                             00000003
BCLIF                             00000003
BF                                00000000
BRG0                              00000000
BRG1                              00000001
BRG10                             00000002
BRG11                             00000003
BRG12                             00000004
BRG13                             00000005
BRG14                             00000006
BRG15                             00000007
BRG16                             00000003
BRG2                              00000002
BRG3                              00000003
BRG4                              00000004
BRG5                              00000005
BRG6                              00000006
BRG7                              00000007
BRG8                              00000000
MPASM  5.06                    16F887DEMO.ASM   11-16-2006  17:37:24         PAGE  5


SYMBOL TABLE
  LABEL                             VALUE 

BRG9                              00000001
BRGH                              00000002
C                                 00000000
C1CH0                             00000000
C1CH1                             00000001
C1IE                              00000005
C1IF                              00000005
C1OE                              00000005
C1ON                              00000007
C1OUT                             00000006
C1POL                             00000004
C1R                               00000002
C1RSEL                            00000005
C1SEN                             00000005
C2CH0                             00000000
C2CH1                             00000001
C2IE                              00000006
C2IF                              00000006
C2OE                              00000005
C2ON                              00000007
C2OUT                             00000006
C2POL                             00000004
C2R                               00000002
C2REN                             00000004
C2RSEL                            00000004
C2SYNC                            00000000
CCP1CON                           00000017
CCP1IE                            00000002
CCP1IF                            00000002
CCP1M0                            00000000
CCP1M1                            00000001
CCP1M2                            00000002
CCP1M3                            00000003
CCP1X                             00000005
CCP1Y                             00000004
CCP2CON                           0000001D
CCP2IE                            00000000
CCP2IF                            00000000
CCP2M0                            00000000
CCP2M1                            00000001
CCP2M2                            00000002
CCP2M3                            00000003
CCP2X                             00000005
CCP2Y                             00000004
CCPR1H                            00000016
CCPR1L                            00000015
CCPR2H                            0000001C
CCPR2L                            0000001B
CHS0                              00000002
CHS1                              00000003
CHS2                              00000004
CHS3                              00000005
CKE                               00000006
MPASM  5.06                    16F887DEMO.ASM   11-16-2006  17:37:24         PAGE  6


SYMBOL TABLE
  LABEL                             VALUE 

CKP                               00000004
CM1CON0                           00000107
CM2CON0                           00000108
CM2CON1                           00000109
CREN                              00000004
CSRC                              00000007
D                                 00000005
DATA_ADDRESS                      00000005
DC                                00000001
DC1B0                             00000004
DC1B1                             00000005
DC2B0                             00000004
DC2B1                             00000005
D_A                               00000005
Delay                             00000020
Direction                         00000023
Display                           00000022
ECCPAS                            0000009C
ECCPAS0                           00000004
ECCPAS1                           00000005
ECCPAS2                           00000006
ECCPASE                           00000007
EEADR                             0000010D
EEADRH                            0000010F
EECON1                            0000018C
EECON2                            0000018D
EEDAT                             0000010C
EEDATA                            0000010C
EEDATH                            0000010E
EEIE                              00000004
EEIF                              00000004
EEPGD                             00000007
F                                 00000001
FERR                              00000002
FSR                               00000004
FVREN                             00000000
GCEN                              00000007
GIE                               00000007
GO                                00000001
GO_DONE                           00000001
HTS                               00000002
I2C_DATA                          00000005
I2C_READ                          00000002
I2C_START                         00000003
I2C_STOP                          00000004
INDF                              00000000
INTCON                            0000000B
INTE                              00000004
INTEDG                            00000006
INTF                              00000001
IOCB                              00000096
IOCB0                             00000000
IOCB1                             00000001
MPASM  5.06                    16F887DEMO.ASM   11-16-2006  17:37:24         PAGE  7


SYMBOL TABLE
  LABEL                             VALUE 

IOCB2                             00000002
IOCB3                             00000003
IOCB4                             00000004
IOCB5                             00000005
IOCB6                             00000006
IOCB7                             00000007
IRCF0                             00000004
IRCF1                             00000005
IRCF2                             00000006
IRP                               00000007
InitRegisters                     00000018
LTS                               00000001
LookingFor                        00000024
LookingFor0                       00000036
LookingFor1                       0000003C
MC1OUT                            00000007
MC2OUT                            00000006
MSK                               00000093
Main                              00000004
MainLoop                          0000001E
NOT_A                             00000005
NOT_ADDRESS                       00000005
NOT_BO                            00000000
NOT_BOR                           00000000
NOT_DONE                          00000001
NOT_PD                            00000003
NOT_POR                           00000001
NOT_RBPU                          00000007
NOT_RC8                           00000006
NOT_T1SYNC                        00000002
NOT_TO                            00000004
NOT_TX8                           00000006
NOT_W                             00000002
NOT_WRITE                         00000002
OERR                              00000001
OPTION_REG                        00000081
OSCCON                            0000008F
OSCTUNE                           00000090
OSFIE                             00000007
OSFIF                             00000007
OSTS                              00000003
P                                 00000004
P1M0                              00000006
P1M1                              00000007
PCL                               00000002
PCLATH                            0000000A
PCON                              0000008E
PDC0                              00000000
PDC1                              00000001
PDC2                              00000002
PDC3                              00000003
PDC4                              00000004
PDC5                              00000005
MPASM  5.06                    16F887DEMO.ASM   11-16-2006  17:37:24         PAGE  8


SYMBOL TABLE
  LABEL                             VALUE 

PDC6                              00000006
PEIE                              00000006
PEN                               00000002
PIE1                              0000008C
PIE2                              0000008D
PIR1                              0000000C
PIR2                              0000000D
PORTA                             00000005
PORTB                             00000006
PORTC                             00000007
PORTD                             00000008
PORTE                             00000009
PR2                               00000092
PRSEN                             00000007
PS0                               00000000
PS1                               00000001
PS2                               00000002
PSA                               00000003
PSSAC0                            00000002
PSSAC1                            00000003
PSSBD0                            00000000
PSSBD1                            00000001
PSTRCON                           0000009D
PULSR                             00000002
PULSS                             00000003
PWM1CON                           0000009B
R                                 00000002
RBIE                              00000003
RBIF                              00000000
RC8_9                             00000006
RC9                               00000006
RCD8                              00000000
RCEN                              00000003
RCIDL                             00000006
RCIE                              00000005
RCIF                              00000005
RCREG                             0000001A
RCSTA                             00000018
RD                                00000000
READ_WRITE                        00000002
RP0                               00000005
RP1                               00000006
RSEN                              00000001
RX9                               00000006
RX9D                              00000000
R_W                               00000002
Rotate                            0000003E
RotateLeft                        00000045
RotateRight                       00000041
S                                 00000003
SBOREN                            00000004
SCKP                              00000004
SCS                               00000000
MPASM  5.06                    16F887DEMO.ASM   11-16-2006  17:37:24         PAGE  9


SYMBOL TABLE
  LABEL                             VALUE 

SEN                               00000000
SENDB                             00000003
SMP                               00000007
SPBRG                             00000099
SPBRGH                            0000009A
SPEN                              00000007
SR0                               00000006
SR1                               00000007
SRCON                             00000185
SREN                              00000005
SSPADD                            00000093
SSPBUF                            00000013
SSPCON                            00000014
SSPCON2                           00000091
SSPEN                             00000005
SSPIE                             00000003
SSPIF                             00000003
SSPM0                             00000000
SSPM1                             00000001
SSPM2                             00000002
SSPM3                             00000003
SSPMSK                            00000093
SSPOV                             00000006
SSPSTAT                           00000094
STARTUP                           00000000
STATUS                            00000003
STRA                              00000000
STRB                              00000001
STRC                              00000002
STRD                              00000003
STRSYNC                           00000004
SWDTEN                            00000000
SYNC                              00000004
SetupA2D                          00000010
SetupAnalogPins                   00000009
SetupPinDirections                00000004
T0CS                              00000005
T0IE                              00000005
T0IF                              00000002
T0SE                              00000004
T1CKPS0                           00000004
T1CKPS1                           00000005
T1CON                             00000010
T1GIV                             00000007
T1GSS                             00000001
T1INSYNC                          00000002
T1OSCEN                           00000003
T1SYNC                            00000002
T2CKPS0                           00000000
T2CKPS1                           00000001
T2CON                             00000012
TMR0                              00000001
TMR0IE                            00000005
MPASM  5.06                    16F887DEMO.ASM   11-16-2006  17:37:24         PAGE 10


SYMBOL TABLE
  LABEL                             VALUE 

TMR0IF                            00000002
TMR1CS                            00000001
TMR1GE                            00000006
TMR1H                             0000000F
TMR1IE                            00000000
TMR1IF                            00000000
TMR1L                             0000000E
TMR1ON                            00000000
TMR2                              00000011
TMR2IE                            00000001
TMR2IF                            00000001
TMR2ON                            00000002
TOUTPS0                           00000003
TOUTPS1                           00000004
TOUTPS2                           00000005
TOUTPS3                           00000006
TRISA                             00000085
TRISB                             00000086
TRISC                             00000087
TRISD                             00000088
TRISE                             00000089
TRMT                              00000001
TUN0                              00000000
TUN1                              00000001
TUN2                              00000002
TUN3                              00000003
TUN4                              00000004
TX8_9                             00000006
TX9                               00000006
TX9D                              00000000
TXD8                              00000000
TXEN                              00000005
TXIE                              00000004
TXIF                              00000004
TXREG                             00000019
TXSTA                             00000098
TenmSdelay                        00000030
UA                                00000001
ULPWUE                            00000005
ULPWUIE                           00000002
ULPWUIF                           00000002
VCFG0                             00000004
VCFG1                             00000005
VR0                               00000000
VR1                               00000001
VR2                               00000002
VR3                               00000003
VRCON                             00000097
VREN                              00000007
VROE                              00000006
VRR                               00000005
VRSS                              00000004
W                                 00000000
MPASM  5.06                    16F887DEMO.ASM   11-16-2006  17:37:24         PAGE 11


SYMBOL TABLE
  LABEL                             VALUE 

WCOL                              00000007
WDTCON                            00000105
WDTPS0                            00000001
WDTPS1                            00000002
WDTPS2                            00000003
WDTPS3                            00000004
WPUB                              00000095
WPUB0                             00000000
WPUB1                             00000001
WPUB2                             00000002
WPUB3                             00000003
WPUB4                             00000004
WPUB5                             00000005
WPUB6                             00000006
WPUB7                             00000007
WR                                00000001
WREN                              00000002
WRERR                             00000003
WUE                               00000001
Z                                 00000002
_BOR21V                           00003EFF
_BOR40V                           00003FFF
_BOR_NSLEEP                       00003EFF
_BOR_OFF                          00003CFF
_BOR_ON                           00003FFF
_BOR_SBODEN                       00003DFF
_CONFIG1                          00002007
_CONFIG2                          00002008
_CPD_OFF                          00003FFF
_CPD_ON                           00003F7F
_CP_OFF                           00003FFF
_CP_ON                            00003FBF
_DEBUG_OFF                        00003FFF
_DEBUG_ON                         00001FFF
_EC_OSC                           00003FFB
_EXTRC                            00003FFF
_EXTRCIO                          00003FFE
_EXTRC_OSC_CLKOUT                 00003FFF
_EXTRC_OSC_NOCLKOUT               00003FFE
_FCMEN_OFF                        000037FF
_FCMEN_ON                         00003FFF
_HS_OSC                           00003FFA
_IESO_OFF                         00003BFF
_IESO_ON                          00003FFF
_INTOSC                           00003FFD
_INTOSCIO                         00003FFC
_INTRC_OSC_CLKOUT                 00003FFD
_INTRC_OSC_NOCLKOUT               00003FFC
_LP_OSC                           00003FF8
_LVP_OFF                          00002FFF
_LVP_ON                           00003FFF
_MCLRE_OFF                        00003FDF
_MCLRE_ON                         00003FFF
MPASM  5.06                    16F887DEMO.ASM   11-16-2006  17:37:24         PAGE 12


SYMBOL TABLE
  LABEL                             VALUE 

_PWRTE_OFF                        00003FFF
_PWRTE_ON                         00003FEF
_WDT_OFF                          00003FF7
_WDT_ON                           00003FFF
_WRT_1FOURTH                      00003BFF
_WRT_256                          00003DFF
_WRT_HALF                         000039FF
_WRT_OFF                          00003FFF
_XT_OSC                           00003FF9
__16F887                          00000001


MEMORY USAGE MAP ('X' = Used,  '-' = Unused)

0000 : XXX-XXXXXXXXXXXX XXXXXXXXXXXXXXXX XXXXXXXXXXXXXXXX XXXXXXXXXXXXXXXX
0040 : XXXXXXXXX------- ---------------- ---------------- ----------------
2000 : -------XX------- ---------------- ---------------- ----------------

All other memory blocks unused.

Program Memory Words Used:    72
Program Memory Words Free:  8120


Errors   :     0
Warnings :     0 reported,     0 suppressed
Messages :     5 reported,     0 suppressed

